node : (node:30400) [DEP0169] DeprecationWarning: `url.parse()` behavior is not standardized and prone to errors that 
have security implications. Use the WHATWG URL API instead. CVEs are not issued for `url.parse()` vulnerabilities.
Au caractère Ligne:1 : 27
+ ... SI/backend; node test_observers.js 1> C:/dev/AppDSI/backend/test_outp ...
+                 ~~~~~~~~~~~~~~~~~~~~~~~~~~~~~~~~~~~~~~~~~~~~~~~~~~~~~~~~~
    + CategoryInfo          : NotSpecified: ((node:30400) [D...ulnerabilities.:String) [], RemoteException
    + FullyQualifiedErrorId : NativeCommandError
 
(Use `node --trace-deprecation ...` to show where the warning was created)
Init session...
(node:30400) Warning: Setting the NODE_TLS_REJECT_UNAUTHORIZED environment variable to '0' makes TLS connections and 
HTTPS requests insecure by disabling certificate verification.
Session OK

--- Ticket/{id}/Ticket_User ---
R├®sultat: [
  {
    "id": 90242,
    "tickets_id": 43496,
    "users_id": 2764,
    "type": 1,
    "use_notification": 1,
    "alternative_email": "",
    "links": [
      {
        "rel": "Ticket",
        "href": "http://glpi-prod/glpi/apirest.php/Ticket/43496"
      },
      {
        "rel": "User",
        "href": "http://glpi-prod/glpi/apirest.php/User/2764"
      }
    ]
  },
  {
    "id": 90243,
    "tickets_id": 43496,
    "users_id": 2094,
    "type": 3,
    "use_notification": 1,
    "alternative_email": "smedalel@ivry94.fr",
    "links": [
      {
        "rel": "Ticket",
        "href": "http://glpi-prod/glpi/apirest.php/Ticket/43496"
      },
      {
        "rel": "User",
        "href": "http://glpi-prod/glpi/apirest.php/User/2094"
      }
    ]
  }
]

--- Search Ticket_User avec subentities ---
R├®sultat: {
  "totalcount": 1,
  "count": 1,
  "sort": 1,
  "order": "ASC",
  "data": [
    {
      "2": 43496
    }
  ],
  "content-range": "0-0/1"
}
